// Jest Snapshot v1, https://goo.gl/fbAQLP

exports[`renders correctly 1`] = `
[
  <View
    style={
      {
        "height": 110,
      }
    }
  />,
  <View
    style={
      {
        "backgroundColor": "white",
        "borderTopRightRadius": 40,
        "flex": 1,
        "paddingHorizontal": 10,
        "paddingTop": 40,
      }
    }
  />,
]
`;
